**** OpenMECP: Minimum Energy Crossing Point Optimizer****
              Version 0.0.2  Release date: 2026
               ****Developer Le Nhan Pham****             
           https://github.com/lenhanpham/OpenMECP        

 Please cite this preprint if you use OpenMECP for your research:
 #-------------------------------------------------------------------------------#
 # L.N Pham, "OpenMECP: A High-Performance Rust Implementation for               #
 # the Rigorous Location of Minimum Energy Crossing Points in Chemical Dynamics" #
 # 2026, https://doi.org/10.13140/RG.2.2.21309.73443                             #
 #-------------------------------------------------------------------------------#

[2026-05-14T13:28:56.182Z INFO  omecp::settings] Configuration loaded from: built-in defaults
============================================================================
CONFIGURATION AND SETTINGS
============================================================================

Settings Configuration:
  Source: built-in defaults

Input File Parameters:
  Program:                    Gaussian
  Method:                     n scf(maxcycle=500,xqc) uwb97xd/def2svpp scrf(smd,solvent=benzene)
  Memory:                     190GB
  Processors:                 48
  Charge of system:           1
  Multiplicity (State A):     3
  Multiplicity (State B):     1
  Run Mode:                   Normal
  Max Steps:                  100
  Max Step Size (A):          0.100000
  Max History:                4 
  Smart History:              false (default)

  Optimizers:
    Use Direct Hessian:       true (default)
    Use GEDIIS:               false (default)
    Use Hybrid GEDIIS:        true (default)
    Use Robust DIIS:          false (default)
    Advanced Hessian Update:  false (default)
    Switch Step:              3
    BFGS Rho:                 15
    Reduced Factor:           0.5
    Print Level:              1
    Print Checkpoint:         false
  BAGEL Model:                model.inp

Advanced Parameters:
  MP2 Method:               false (default)
  Fix dE (eV):              0.0 (default)
  Program Commands:         4 custom commands

File Management:
  Checkpoint File:          <job_name>.json (auto-generated from input filename)
  Restart Mode:             false (default)

Scanning:
  Number of Scans:          0 (default)
Convergence Thresholds:
  Energy Difference (dE):       0.00005000 hartree 
  RMS Gradient:                 0.00094500 hartree/A 
  Max Gradient:                 0.00132300 hartree/A 
  RMS Displacement:             0.00250000 angstrom 
  Max Displacement:             0.00400000 angstrom 
Configuration File Settings (omecp_config.cfg):
  Output File Extensions:
    Gaussian:                  log
    ORCA:                      out
  General Settings:
    Max Memory:                4GB
    Default Processors:        4
    Print Level:               0
  Cleanup Settings:
    Enabled:                   true
    Verbose:                   1
    Cleanup Frequency:         5 steps 
  Logging Settings:
    Level:                     info
    File Logging Enabled:      false

================================================================================

Parsed 29 atoms
Program: Gaussian, Mode: Normal


****Configuration Guidance****
Normal Mode: Balanced speed and robustness with checkpoint reading
****End Configuration Guidance****

****Normal Mode: Phase 1 - Pre-point calculations to generate checkpoint files****
Pre-point headers (raw, no modifications):
State A: %mem=190GB
State B: %mem=190GB
Running pre-point calculation for state B...
Running pre-point calculation for state A...
 Pre-point calculations completed successfully
Checking Gaussian checkpoint files...
 Gaussian checkpoint files found: to-4-tep-1-pro-new_state_A.chk and to-4-tep-1-pro-new_state_B.chk
****Normal Mode: Phase 2 - Main optimization loop with checkpoint reading****
****Mode Transition: Normal -> Read****
Reason: Pre-point calculations completed successfully, switching to read mode for main optimization
****Mode Transition Complete****

Headers rebuilt for read mode with force and guess=read

****Running initial calculations****
Using direct Hessian algorithm (PSB update)

****Step 1****
Using BFGS optimizer (step 1 < switch point 3)
BFGS: step 0.214511 Å > max_step_size 0.100000 Å, capping
BFGS: final step = 0.100000 Å (rho=15.0)
Displacement norm = 0.100000000000000 Å
E1 = -2106.30876011, E2 = -2106.31080700, dE = 0.00204689
 Criteria                            Current           Threshold        Pass
----------------------------------------------------------------------------
  1. Energy difference               0.00204689        0.00005000       NO    
  2. RMS gradient                    0.01252586        0.00094500       NO    
  3. Max gradient                    0.06268814        0.00132300       NO    
  4. RMS displacement                0.01072113        0.00250000       NO    
  5. Max displacement                0.05525995        0.00400000       NO    
----------------------------------------------------------------------------


****Step 2****
Using BFGS optimizer (step 2 < switch point 3)
BFGS: dk norm 0.168035 Å > cap 0.100000 Å, scaling down
BFGS: step 1.500000 Å > max_step_size 0.100000 Å, capping
BFGS: final step = 0.100000 Å (rho=15.0)
Displacement norm = 0.100000000000000 Å
E1 = -2106.31258747, E2 = -2106.32239965, dE = 0.00981218
 Criteria                            Current           Threshold        Pass
----------------------------------------------------------------------------
  1. Energy difference               0.00981218        0.00005000       NO    
  2. RMS gradient                    0.00708454        0.00094500       NO    
  3. Max gradient                    0.03023362        0.00132300       NO    
  4. RMS displacement                0.01072113        0.00250000       NO    
  5. Max displacement                0.06202472        0.00400000       NO    
----------------------------------------------------------------------------


****Step 3****
Using BFGS optimizer (step 3 < switch point 3)
BFGS: dk norm 0.485430 Å > cap 0.100000 Å, scaling down
BFGS: step 1.500000 Å > max_step_size 0.100000 Å, capping
BFGS: final step = 0.100000 Å (rho=15.0)
Displacement norm = 0.100000000000000 Å
E1 = -2106.31011512, E2 = -2106.32750549, dE = 0.01739037
 Criteria                            Current           Threshold        Pass
----------------------------------------------------------------------------
  1. Energy difference               0.01739037        0.00005000       NO    
  2. RMS gradient                    0.00529136        0.00094500       NO    
  3. Max gradient                    0.02283545        0.00132300       NO    
  4. RMS displacement                0.01072113        0.00250000       NO    
  5. Max displacement                0.05892249        0.00400000       NO    
----------------------------------------------------------------------------


****Step 4****
Using GDIIS optimizer (step 4 >= switch point 3)
GDIIS: trial stepsize 0.1797554512 reduced to max_size 0.100000
Displacement norm = 0.100000000000000 Å
E1 = -2106.29478104, E2 = -2106.31614493, dE = 0.02136389
 Criteria                            Current           Threshold        Pass
----------------------------------------------------------------------------
  1. Energy difference               0.02136389        0.00005000       NO    
  2. RMS gradient                    0.02907057        0.00094500       NO    
  3. Max gradient                    0.12195910        0.00132300       NO    
  4. RMS displacement                0.01072113        0.00250000       NO    
  5. Max displacement                0.04450572        0.00400000       NO    
----------------------------------------------------------------------------


****Step 5****
Using GDIIS optimizer (step 5 >= switch point 3)
GDIIS: trial stepsize 0.2848439158 reduced to max_size 0.100000
Displacement norm = 0.100000000000000 Å
E1 = -2106.30669835, E2 = -2106.32093907, dE = 0.01424072
 Criteria                            Current           Threshold        Pass
----------------------------------------------------------------------------
  1. Energy difference               0.01424072        0.00005000       NO    
  2. RMS gradient                    0.01792774        0.00094500       NO    
  3. Max gradient                    0.07310756        0.00132300       NO    
  4. RMS displacement                0.01072113        0.00250000       NO    
  5. Max displacement                0.05493108        0.00400000       NO    
----------------------------------------------------------------------------

Performing periodic cleanup (every 5 steps)...

****Step 6****
Using GDIIS optimizer (step 6 >= switch point 3)
GDIIS: trial stepsize 0.2247583941 reduced to max_size 0.100000
Displacement norm = 0.100000000000000 Å
E1 = -2106.31243450, E2 = -2106.31930415, dE = 0.00686965
 Criteria                            Current           Threshold        Pass
----------------------------------------------------------------------------
  1. Energy difference               0.00686965        0.00005000       NO    
  2. RMS gradient                    0.00820333        0.00094500       NO    
  3. Max gradient                    0.03355160        0.00132300       NO    
  4. RMS displacement                0.01072113        0.00250000       NO    
  5. Max displacement                0.05429063        0.00400000       NO    
----------------------------------------------------------------------------


****Step 7****
Using GDIIS optimizer (step 7 >= switch point 3)
Displacement norm = 0.076698785030763 Å
E1 = -2106.31306423, E2 = -2106.31481408, dE = 0.00174985
 Criteria                            Current           Threshold        Pass
----------------------------------------------------------------------------
  1. Energy difference               0.00174985        0.00005000       NO    
  2. RMS gradient                    0.00401203        0.00094500       NO    
  3. Max gradient                    0.02211423        0.00132300       NO    
  4. RMS displacement                0.00822297        0.00250000       NO    
  5. Max displacement                0.03988036        0.00400000       NO    
----------------------------------------------------------------------------


****Step 8****
Using GDIIS optimizer (step 8 >= switch point 3)
Displacement norm = 0.030256907174678 Å
E1 = -2106.31335299, E2 = -2106.31686356, dE = 0.00351057
 Criteria                            Current           Threshold        Pass
----------------------------------------------------------------------------
  1. Energy difference               0.00351057        0.00005000       NO    
  2. RMS gradient                    0.00304007        0.00094500       NO    
  3. Max gradient                    0.01461107        0.00132300       NO    
  4. RMS displacement                0.00324388        0.00250000       NO    
  5. Max displacement                0.01663280        0.00400000       NO    
----------------------------------------------------------------------------


****Step 9****
Using GDIIS optimizer (step 9 >= switch point 3)
Displacement norm = 0.029367614963403 Å
E1 = -2106.31334720, E2 = -2106.31880348, dE = 0.00545628
 Criteria                            Current           Threshold        Pass
----------------------------------------------------------------------------
  1. Energy difference               0.00545628        0.00005000       NO    
  2. RMS gradient                    0.00380246        0.00094500       NO    
  3. Max gradient                    0.01372643        0.00132300       NO    
  4. RMS displacement                0.00314854        0.00250000       NO    
  5. Max displacement                0.01240699        0.00400000       NO    
----------------------------------------------------------------------------


****Step 10****
Using GDIIS optimizer (step 10 >= switch point 3)
Displacement norm = 0.066666642207618 Å
E1 = -2106.31276561, E2 = -2106.31349025, dE = 0.00072464
 Criteria                            Current           Threshold        Pass
----------------------------------------------------------------------------
  1. Energy difference               0.00072464        0.00005000       NO    
  2. RMS gradient                    0.00560182        0.00094500       NO    
  3. Max gradient                    0.03394609        0.00132300       NO    
  4. RMS displacement                0.00714741        0.00250000       NO    
  5. Max displacement                0.03208896        0.00400000       NO    
----------------------------------------------------------------------------

Performing periodic cleanup (every 5 steps)...

****Step 11****
Using GDIIS optimizer (step 11 >= switch point 3)
Displacement norm = 0.025477384272808 Å
E1 = -2106.31291801, E2 = -2106.31217395, dE = 0.00074406
 Criteria                            Current           Threshold        Pass
----------------------------------------------------------------------------
  1. Energy difference               0.00074406        0.00005000       NO    
  2. RMS gradient                    0.00102662        0.00094500       NO    
  3. Max gradient                    0.00402938        0.00132300       NO    
  4. RMS displacement                0.00273146        0.00250000       NO    
  5. Max displacement                0.01128995        0.00400000       NO    
----------------------------------------------------------------------------


****Step 12****
Using GDIIS optimizer (step 12 >= switch point 3)
Displacement norm = 0.024447533775301 Å
E1 = -2106.31324851, E2 = -2106.31435990, dE = 0.00111139
 Criteria                            Current           Threshold        Pass
----------------------------------------------------------------------------
  1. Energy difference               0.00111139        0.00005000       NO    
  2. RMS gradient                    0.00070424        0.00094500       YES   
  3. Max gradient                    0.00298343        0.00132300       NO    
  4. RMS displacement                0.00262105        0.00250000       NO    
  5. Max displacement                0.01397832        0.00400000       NO    
----------------------------------------------------------------------------


****Step 13****
Using GDIIS optimizer (step 13 >= switch point 3)
Displacement norm = 0.008099335618411 Å
E1 = -2106.31332129, E2 = -2106.31493024, dE = 0.00160895
 Criteria                            Current           Threshold        Pass
----------------------------------------------------------------------------
  1. Energy difference               0.00160895        0.00005000       NO    
  2. RMS gradient                    0.00051924        0.00094500       YES   
  3. Max gradient                    0.00221864        0.00132300       NO    
  4. RMS displacement                0.00086834        0.00250000       YES   
  5. Max displacement                0.00450390        0.00400000       NO    
----------------------------------------------------------------------------


****Step 14****
Using GDIIS optimizer (step 14 >= switch point 3)
Displacement norm = 0.033106996994696 Å
E1 = -2106.31295596, E2 = -2106.31228231, dE = 0.00067365
 Criteria                            Current           Threshold        Pass
----------------------------------------------------------------------------
  1. Energy difference               0.00067365        0.00005000       NO    
  2. RMS gradient                    0.00097745        0.00094500       NO    
  3. Max gradient                    0.00344857        0.00132300       NO    
  4. RMS displacement                0.00354944        0.00250000       NO    
  5. Max displacement                0.01751793        0.00400000       NO    
----------------------------------------------------------------------------


****Step 15****
Using GDIIS optimizer (step 15 >= switch point 3)
Displacement norm = 0.004840592876842 Å
E1 = -2106.31294698, E2 = -2106.31212361, dE = 0.00082337
 Criteria                            Current           Threshold        Pass
----------------------------------------------------------------------------
  1. Energy difference               0.00082337        0.00005000       NO    
  2. RMS gradient                    0.00052308        0.00094500       YES   
  3. Max gradient                    0.00206556        0.00132300       NO    
  4. RMS displacement                0.00051897        0.00250000       YES   
  5. Max displacement                0.00191851        0.00400000       YES   
----------------------------------------------------------------------------

Performing periodic cleanup (every 5 steps)...

****Step 16****
Using GDIIS optimizer (step 16 >= switch point 3)
Displacement norm = 0.008512875686649 Å
E1 = -2106.31289613, E2 = -2106.31170545, dE = 0.00119068
 Criteria                            Current           Threshold        Pass
----------------------------------------------------------------------------
  1. Energy difference               0.00119068        0.00005000       NO    
  2. RMS gradient                    0.00045100        0.00094500       YES   
  3. Max gradient                    0.00156804        0.00132300       NO    
  4. RMS displacement                0.00091268        0.00250000       YES   
  5. Max displacement                0.00337979        0.00400000       YES   
----------------------------------------------------------------------------


****Step 17****
Using GDIIS optimizer (step 17 >= switch point 3)
Displacement norm = 0.011243320639358 Å
E1 = -2106.31284479, E2 = -2106.31127209, dE = 0.00157270
 Criteria                            Current           Threshold        Pass
----------------------------------------------------------------------------
  1. Energy difference               0.00157270        0.00005000       NO    
  2. RMS gradient                    0.00063594        0.00094500       YES   
  3. Max gradient                    0.00233199        0.00132300       NO    
  4. RMS displacement                0.00120541        0.00250000       YES   
  5. Max displacement                0.00484602        0.00400000       NO    
----------------------------------------------------------------------------


****Step 18****
Using GDIIS optimizer (step 18 >= switch point 3)
Displacement norm = 0.009521360664113 Å
E1 = -2106.31286922, E2 = -2106.31128502, dE = 0.00158420
 Criteria                            Current           Threshold        Pass
----------------------------------------------------------------------------
  1. Energy difference               0.00158420        0.00005000       NO    
  2. RMS gradient                    0.00041755        0.00094500       YES   
  3. Max gradient                    0.00124750        0.00132300       YES   
  4. RMS displacement                0.00102080        0.00250000       YES   
  5. Max displacement                0.00437052        0.00400000       NO    
----------------------------------------------------------------------------


****Step 19****
Using GDIIS optimizer (step 19 >= switch point 3)
Displacement norm = 0.013466785193648 Å
E1 = -2106.31288977, E2 = -2106.31129755, dE = 0.00159222
 Criteria                            Current           Threshold        Pass
----------------------------------------------------------------------------
  1. Energy difference               0.00159222        0.00005000       NO    
  2. RMS gradient                    0.00058504        0.00094500       YES   
  3. Max gradient                    0.00215231        0.00132300       NO    
  4. RMS displacement                0.00144379        0.00250000       YES   
  5. Max displacement                0.00615459        0.00400000       NO    
----------------------------------------------------------------------------


****Step 20****
Using GDIIS optimizer (step 20 >= switch point 3)
Displacement norm = 0.008692698379915 Å
E1 = -2106.31293801, E2 = -2106.31153747, dE = 0.00140054
 Criteria                            Current           Threshold        Pass
----------------------------------------------------------------------------
  1. Energy difference               0.00140054        0.00005000       NO    
  2. RMS gradient                    0.00038410        0.00094500       YES   
  3. Max gradient                    0.00157930        0.00132300       NO    
  4. RMS displacement                0.00093196        0.00250000       YES   
  5. Max displacement                0.00367716        0.00400000       YES   
----------------------------------------------------------------------------

Performing periodic cleanup (every 5 steps)...

****Step 21****
Using GDIIS optimizer (step 21 >= switch point 3)
Displacement norm = 0.011146514574681 Å
E1 = -2106.31301490, E2 = -2106.31201771, dE = 0.00099719
 Criteria                            Current           Threshold        Pass
----------------------------------------------------------------------------
  1. Energy difference               0.00099719        0.00005000       NO    
  2. RMS gradient                    0.00049271        0.00094500       YES   
  3. Max gradient                    0.00181649        0.00132300       NO    
  4. RMS displacement                0.00119503        0.00250000       YES   
  5. Max displacement                0.00528704        0.00400000       NO    
----------------------------------------------------------------------------


****Step 22****
Using GDIIS optimizer (step 22 >= switch point 3)
GDIIS: applying step reduction factor 0.50
Displacement norm = 0.005844619934338 Å
E1 = -2106.31304688, E2 = -2106.31222344, dE = 0.00082344
 Criteria                            Current           Threshold        Pass
----------------------------------------------------------------------------
  1. Energy difference               0.00082344        0.00005000       NO    
  2. RMS gradient                    0.00033796        0.00094500       YES   
  3. Max gradient                    0.00172447        0.00132300       NO    
  4. RMS displacement                0.00062661        0.00250000       YES   
  5. Max displacement                0.00246580        0.00400000       YES   
----------------------------------------------------------------------------


****Step 23****
Using GDIIS optimizer (step 23 >= switch point 3)
GDIIS: applying step reduction factor 0.50
Displacement norm = 0.005360140597403 Å
E1 = -2106.31308709, E2 = -2106.31249981, dE = 0.00058728
 Criteria                            Current           Threshold        Pass
----------------------------------------------------------------------------
  1. Energy difference               0.00058728        0.00005000       NO    
  2. RMS gradient                    0.00031692        0.00094500       YES   
  3. Max gradient                    0.00164587        0.00132300       NO    
  4. RMS displacement                0.00057467        0.00250000       YES   
  5. Max displacement                0.00257071        0.00400000       YES   
----------------------------------------------------------------------------


****Step 24****
Using GDIIS optimizer (step 24 >= switch point 3)
GDIIS: applying step reduction factor 0.50
Displacement norm = 0.007155872082241 Å
E1 = -2106.31313698, E2 = -2106.31286323, dE = 0.00027375
 Criteria                            Current           Threshold        Pass
----------------------------------------------------------------------------
  1. Energy difference               0.00027375        0.00005000       NO    
  2. RMS gradient                    0.00030908        0.00094500       YES   
  3. Max gradient                    0.00144440        0.00132300       NO    
  4. RMS displacement                0.00076719        0.00250000       YES   
  5. Max displacement                0.00337013        0.00400000       YES   
----------------------------------------------------------------------------


****Step 25****
Using GDIIS optimizer (step 25 >= switch point 3)
GDIIS: applying step reduction factor 0.50
Displacement norm = 0.005475244709126 Å
E1 = -2106.31317412, E2 = -2106.31313440, dE = 0.00003972
 Criteria                            Current           Threshold        Pass
----------------------------------------------------------------------------
  1. Energy difference               0.00003972        0.00005000       YES   
  2. RMS gradient                    0.00027622        0.00094500       YES   
  3. Max gradient                    0.00132778        0.00132300       NO    
  4. RMS displacement                0.00058701        0.00250000       YES   
  5. Max displacement                0.00298449        0.00400000       YES   
----------------------------------------------------------------------------

Performing periodic cleanup (every 5 steps)...

****Step 26****
Using GDIIS optimizer (step 26 >= switch point 3)
GDIIS: applying step reduction factor 0.50
Displacement norm = 0.004720211268839 Å
E1 = -2106.31320344, E2 = -2106.31334797, dE = 0.00014453
 Criteria                            Current           Threshold        Pass
----------------------------------------------------------------------------
  1. Energy difference               0.00014453        0.00005000       NO    
  2. RMS gradient                    0.00025313        0.00094500       YES   
  3. Max gradient                    0.00114703        0.00132300       YES   
  4. RMS displacement                0.00050606        0.00250000       YES   
  5. Max displacement                0.00280361        0.00400000       YES   
----------------------------------------------------------------------------


****Step 27****
Using GDIIS optimizer (step 27 >= switch point 3)
GDIIS: applying step reduction factor 0.50
Displacement norm = 0.005786095678843 Å
E1 = -2106.31323590, E2 = -2106.31359541, dE = 0.00035951
 Criteria                            Current           Threshold        Pass
----------------------------------------------------------------------------
  1. Energy difference               0.00035951        0.00005000       NO    
  2. RMS gradient                    0.00022370        0.00094500       YES   
  3. Max gradient                    0.00087081        0.00132300       YES   
  4. RMS displacement                0.00062033        0.00250000       YES   
  5. Max displacement                0.00350292        0.00400000       YES   
----------------------------------------------------------------------------


****Step 28****
Using GDIIS optimizer (step 28 >= switch point 3)
GDIIS: applying step reduction factor 0.50
Displacement norm = 0.003567898405940 Å
E1 = -2106.31325191, E2 = -2106.31370922, dE = 0.00045731
 Criteria                            Current           Threshold        Pass
----------------------------------------------------------------------------
  1. Energy difference               0.00045731        0.00005000       NO    
  2. RMS gradient                    0.00019681        0.00094500       YES   
  3. Max gradient                    0.00071542        0.00132300       YES   
  4. RMS displacement                0.00038252        0.00250000       YES   
  5. Max displacement                0.00218973        0.00400000       YES   
----------------------------------------------------------------------------


****Step 29****
Using GDIIS optimizer (step 29 >= switch point 3)
GDIIS: applying step reduction factor 0.50
Displacement norm = 0.003331841926819 Å
E1 = -2106.31326389, E2 = -2106.31379082, dE = 0.00052693
 Criteria                            Current           Threshold        Pass
----------------------------------------------------------------------------
  1. Energy difference               0.00052693        0.00005000       NO    
  2. RMS gradient                    0.00017903        0.00094500       YES   
  3. Max gradient                    0.00071465        0.00132300       YES   
  4. RMS displacement                0.00035721        0.00250000       YES   
  5. Max displacement                0.00202904        0.00400000       YES   
----------------------------------------------------------------------------


****Step 30****
Using GDIIS optimizer (step 30 >= switch point 3)
GDIIS: applying step reduction factor 0.50
Displacement norm = 0.003151710319171 Å
E1 = -2106.31326905, E2 = -2106.31380941, dE = 0.00054036
 Criteria                            Current           Threshold        Pass
----------------------------------------------------------------------------
  1. Energy difference               0.00054036        0.00005000       NO    
  2. RMS gradient                    0.00016521        0.00094500       YES   
  3. Max gradient                    0.00069083        0.00132300       YES   
  4. RMS displacement                0.00033790        0.00250000       YES   
  5. Max displacement                0.00173705        0.00400000       YES   
----------------------------------------------------------------------------

Performing periodic cleanup (every 5 steps)...

****Step 31****
Using GDIIS optimizer (step 31 >= switch point 3)
GDIIS: applying step reduction factor 0.50
Displacement norm = 0.002697451379699 Å
E1 = -2106.31327215, E2 = -2106.31381791, dE = 0.00054576
 Criteria                            Current           Threshold        Pass
----------------------------------------------------------------------------
  1. Energy difference               0.00054576        0.00005000       NO    
  2. RMS gradient                    0.00013876        0.00094500       YES   
  3. Max gradient                    0.00060038        0.00132300       YES   
  4. RMS displacement                0.00028920        0.00250000       YES   
  5. Max displacement                0.00142887        0.00400000       YES   
----------------------------------------------------------------------------


****Step 32****
Using GDIIS optimizer (step 32 >= switch point 3)
GDIIS: applying step reduction factor 0.50
Displacement norm = 0.002764300994099 Å
E1 = -2106.31327145, E2 = -2106.31379409, dE = 0.00052264
 Criteria                            Current           Threshold        Pass
----------------------------------------------------------------------------
  1. Energy difference               0.00052264        0.00005000       NO    
  2. RMS gradient                    0.00013263        0.00094500       YES   
  3. Max gradient                    0.00052898        0.00132300       YES   
  4. RMS displacement                0.00029636        0.00250000       YES   
  5. Max displacement                0.00130981        0.00400000       YES   
----------------------------------------------------------------------------


****Step 33****
Using GDIIS optimizer (step 33 >= switch point 3)
GDIIS: applying step reduction factor 0.50
Displacement norm = 0.002669711717926 Å
E1 = -2106.31326853, E2 = -2106.31375413, dE = 0.00048560
 Criteria                            Current           Threshold        Pass
----------------------------------------------------------------------------
  1. Energy difference               0.00048560        0.00005000       NO    
  2. RMS gradient                    0.00012555        0.00094500       YES   
  3. Max gradient                    0.00046732        0.00132300       YES   
  4. RMS displacement                0.00028622        0.00250000       YES   
  5. Max displacement                0.00115474        0.00400000       YES   
----------------------------------------------------------------------------


****Step 34****
Using GDIIS optimizer (step 34 >= switch point 3)
GDIIS: applying step reduction factor 0.50
Displacement norm = 0.002668067030965 Å
E1 = -2106.31326375, E2 = -2106.31370082, dE = 0.00043707
 Criteria                            Current           Threshold        Pass
----------------------------------------------------------------------------
  1. Energy difference               0.00043707        0.00005000       NO    
  2. RMS gradient                    0.00012294        0.00094500       YES   
  3. Max gradient                    0.00044198        0.00132300       YES   
  4. RMS displacement                0.00028605        0.00250000       YES   
  5. Max displacement                0.00102973        0.00400000       YES   
----------------------------------------------------------------------------


****Step 35****
Using GDIIS optimizer (step 35 >= switch point 3)
GDIIS: applying step reduction factor 0.50
Displacement norm = 0.003081733889645 Å
E1 = -2106.31325438, E2 = -2106.31360469, dE = 0.00035031
 Criteria                            Current           Threshold        Pass
----------------------------------------------------------------------------
  1. Energy difference               0.00035031        0.00005000       NO    
  2. RMS gradient                    0.00012669        0.00094500       YES   
  3. Max gradient                    0.00047389        0.00132300       YES   
  4. RMS displacement                0.00033040        0.00250000       YES   
  5. Max displacement                0.00117757        0.00400000       YES   
----------------------------------------------------------------------------

Performing periodic cleanup (every 5 steps)...

****Step 36****
Using GDIIS optimizer (step 36 >= switch point 3)
GDIIS: applying step reduction factor 0.50
Displacement norm = 0.003183990199585 Å
E1 = -2106.31324548, E2 = -2106.31351772, dE = 0.00027224
 Criteria                            Current           Threshold        Pass
----------------------------------------------------------------------------
  1. Energy difference               0.00027224        0.00005000       NO    
  2. RMS gradient                    0.00013379        0.00094500       YES   
  3. Max gradient                    0.00052327        0.00132300       YES   
  4. RMS displacement                0.00034136        0.00250000       YES   
  5. Max displacement                0.00123735        0.00400000       YES   
----------------------------------------------------------------------------


****Step 37****
Using GDIIS optimizer (step 37 >= switch point 3)
GDIIS: applying step reduction factor 0.50
Displacement norm = 0.003664119188309 Å
E1 = -2106.31323517, E2 = -2106.31342096, dE = 0.00018579
 Criteria                            Current           Threshold        Pass
----------------------------------------------------------------------------
  1. Energy difference               0.00018579        0.00005000       NO    
  2. RMS gradient                    0.00013407        0.00094500       YES   
  3. Max gradient                    0.00056686        0.00132300       YES   
  4. RMS displacement                0.00039283        0.00250000       YES   
  5. Max displacement                0.00143608        0.00400000       YES   
----------------------------------------------------------------------------


****Step 38****
Using GDIIS optimizer (step 38 >= switch point 3)
GDIIS: applying step reduction factor 0.50
Displacement norm = 0.004012006935033 Å
E1 = -2106.31322416, E2 = -2106.31331541, dE = 0.00009125
 Criteria                            Current           Threshold        Pass
----------------------------------------------------------------------------
  1. Energy difference               0.00009125        0.00005000       NO    
  2. RMS gradient                    0.00014622        0.00094500       YES   
  3. Max gradient                    0.00059593        0.00132300       YES   
  4. RMS displacement                0.00043013        0.00250000       YES   
  5. Max displacement                0.00152943        0.00400000       YES   
----------------------------------------------------------------------------


****Step 39****
Using GDIIS optimizer (step 39 >= switch point 3)
GDIIS: applying step reduction factor 0.50
Displacement norm = 0.005093327639693 Å
E1 = -2106.31320946, E2 = -2106.31317952, dE = 0.00002994
 Criteria                            Current           Threshold        Pass
----------------------------------------------------------------------------
  1. Energy difference               0.00002994        0.00005000       YES   
  2. RMS gradient                    0.00014722        0.00094500       YES   
  3. Max gradient                    0.00063261        0.00132300       YES   
  4. RMS displacement                0.00054606        0.00250000       YES   
  5. Max displacement                0.00193768        0.00400000       YES   
----------------------------------------------------------------------------


Converged at step 39
Final geometry saved to to-4-tep-1-pro-new_mecp.xyz

****Congrats! MECP has converged****
