**** OpenMECP: Minimum Energy Crossing Point Optimizer****
              Version 0.0.4  Release date: 2026
               ****Developer Le Nhan Pham****             
           https://github.com/lenhanpham/OpenMECP        

 Please cite this preprint if you use OpenMECP for your research:
 #-------------------------------------------------------------------------------#
 # L.N Pham, "OpenMECP: A High-Performance Rust Implementation for               #
 # the Rigorous Location of Minimum Energy Crossing Points in Chemical Dynamics" #
 # 2026, https://doi.org/10.13140/RG.2.2.21309.73443                             #
 #-------------------------------------------------------------------------------#

[2026-05-17T00:48:14.953Z INFO  omecp::settings] Configuration loaded from: built-in defaults (no configuration file found)
============================================================================
CONFIGURATION AND SETTINGS
============================================================================

Settings Configuration:
  Source: built-in defaults (no configuration file found)

Input File Parameters:
  Program:                    Orca
  Method:                     B3LYP 6-31G(d,p) VeryTightSCF
  Memory:                     4000
  Processors:                 10
  Charge of system:           1
  Multiplicity (State A):     3
  Multiplicity (State B):     1
  Run Mode:                   Normal
  Max Steps:                  100
  Max Step Size (A):          0.100000
  Max History:                4 

  Optimizers:
    Optimizer Mode:           GDIIS_blend (gradient)
    Hessian Method:           direct_psb (default)
    Use GEDIIS:               blend
    Use Hybrid GEDIIS:        true (enables GDIIS+EDIIS blend)
    GEDIIS Blend Mode:        gradient
    Trust Reduction Factor:   0.5
    Trust Increase Factor:    1.2
    Trust Inc Threshold:      0.0001
    Trust Dec Threshold:      0.0001
    Trust Min Radius:         0.01
    Trust Max Radius:         1
    GEDIIS Switch RMS:        0.005
    GEDIIS Switch Step:       0.001
    Use Robust DIIS:          false (default)
    Switch Step:              3
    BFGS Rho:                 15
    Reduced Factor:           0.5
    Step Reduction Multiplier:10
    Steepest Descent Step:    0.01
    Smart History:            false (default)
    Print Checkpoint:         false
  BAGEL Model:                model.inp

Advanced Parameters:
  MP2 Method:               false (default)
  Fix dE (eV):              0.0 (default)
  Program Commands:         4 custom commands

File Management:
  Checkpoint File:          <job_name>.json (auto-generated from input filename)
  Restart Mode:             false (default)

Scanning:
  Number of Scans:          0 (default)
Convergence Thresholds:
  Energy Difference (dE):       0.00005000 hartree 
  RMS Gradient:                 0.00094500 hartree/A 
  Max Gradient:                 0.00132300 hartree/A 
  RMS Displacement:             0.00250000 angstrom 
  Max Displacement:             0.00400000 angstrom 
Configuration File Settings (omecp_config.cfg):
  Output File Extensions:
    Gaussian:                  log
    ORCA:                      out
  General Settings:
    Max Memory:                4GB
    Default Processors:        4
    Print Level:               1
  Cleanup Settings:
    Enabled:                   true
    Verbose:                   1
    Cleanup Frequency:         5 steps 
  Logging Settings:
    Level:                     info
    File Logging Enabled:      false

================================================================================

Parsed 11 atoms
Program: Orca, Mode: Normal


****Configuration Guidance****
Normal Mode: Balanced speed and robustness with checkpoint reading
****End Configuration Guidance****

****Normal Mode: Phase 1 - Pre-point calculations to generate checkpoint files****
Pre-point headers (raw, no modifications):
State A: ! B3LYP 6-31G(d,p) VeryTightSCF
State B: ! B3LYP 6-31G(d,p) VeryTightSCF
Running pre-point calculation for state B...
Running pre-point calculation for state A...
 Pre-point calculations completed successfully
Checking ORCA wavefunction files...
 ORCA wavefunction files found: phenylcation-blend-gediis-gradient/phenylcation-blend-gediis-gradient_pre_A.gbw and phenylcation-blend-gediis-gradient/phenylcation-blend-gediis-gradient_pre_B.gbw
****Normal Mode: Phase 2 - Main optimization loop with checkpoint reading****
****Mode Transition: Normal -> Read****
Reason: Pre-point calculations completed successfully, switching to read mode for main optimization
****Mode Transition Complete****

Headers rebuilt for read mode with force and guess=read

****Running initial calculations****

****Step 1****
Using BFGS optimizer (step 1 < switch point 3)
BFGS: dk norm 0.133594 Å > cap 0.100000 Å, scaling down
BFGS: step 1.500000 Å > max_step_size 0.100000 Å, capping
BFGS: final step = 0.100000 Å (rho=15.0)
Displacement norm = 0.100000000000000 Å
Trust radius = 0.100 Å
E1 = -231.08545282, E2 = -231.07838854, dE = 0.00706428
 Criteria                            Current           Threshold        Pass
----------------------------------------------------------------------------
  1. Energy difference               0.00706428        0.00005000       NO    
  2. RMS gradient                    0.02390756        0.00094500       NO    
  3. Max gradient                    0.07410141        0.00132300       NO    
  4. RMS displacement                0.01740777        0.00250000       NO    
  5. Max displacement                0.05522504        0.00400000       NO    
----------------------------------------------------------------------------


****Step 2****
Using BFGS optimizer (step 2 < switch point 3)
BFGS: dk norm 0.567916 Å > cap 0.100000 Å, scaling down
BFGS: step 1.500000 Å > max_step_size 0.100000 Å, capping
BFGS: final step = 0.100000 Å (rho=15.0)
Displacement norm = 0.100000000000000 Å
Trust radius = 0.100 Å
E1 = -231.08688187, E2 = -231.08529455, dE = 0.00158732
 Criteria                            Current           Threshold        Pass
----------------------------------------------------------------------------
  1. Energy difference               0.00158732        0.00005000       NO    
  2. RMS gradient                    0.01696914        0.00094500       NO    
  3. Max gradient                    0.04819909        0.00132300       NO    
  4. RMS displacement                0.01740777        0.00250000       NO    
  5. Max displacement                0.05762041        0.00400000       NO    
----------------------------------------------------------------------------

    Trust radius: energy decreased by 0.001429, increasing to 0.120000

****Step 3****
Using BFGS optimizer (step 3 < switch point 3)
BFGS: dk norm 0.144121 Å > cap 0.100000 Å, scaling down
BFGS: step 1.500000 Å > max_step_size 0.100000 Å, capping
BFGS: final step = 0.100000 Å (rho=15.0)
Displacement norm = 0.100000000000000 Å
Trust radius = 0.120 Å
E1 = -231.08670162, E2 = -231.09083012, dE = 0.00412851
 Criteria                            Current           Threshold        Pass
----------------------------------------------------------------------------
  1. Energy difference               0.00412851        0.00005000       NO    
  2. RMS gradient                    0.01644516        0.00094500       NO    
  3. Max gradient                    0.05005048        0.00132300       NO    
  4. RMS displacement                0.01740777        0.00250000       NO    
  5. Max displacement                0.03604298        0.00400000       NO    
----------------------------------------------------------------------------

    Trust radius: energy increased by -0.000180, reducing to 0.060000

****Step 4****
Using Gradient-weighted GEDIIS_blend optimizer (step 4, trust_radius = 0.060 Å)
    Weighted blend: w=0.7668 (rms_g=0.016445, switch_rms=0.005000)
Displacement norm = 0.060000000000000 Å
Trust radius = 0.060 Å
E1 = -231.08881176, E2 = -231.08920453, dE = 0.00039278
 Criteria                            Current           Threshold        Pass
----------------------------------------------------------------------------
  1. Energy difference               0.00039278        0.00005000       NO    
  2. RMS gradient                    0.00890320        0.00094500       NO    
  3. Max gradient                    0.02763401        0.00132300       NO    
  4. RMS displacement                0.01044466        0.00250000       NO    
  5. Max displacement                0.02447034        0.00400000       NO    
----------------------------------------------------------------------------

    Trust radius: energy decreased by 0.002110, increasing to 0.072000

****Step 5****
Using Gradient-weighted GEDIIS_blend optimizer (step 5, trust_radius = 0.072 Å)
    Weighted blend: w=0.6404 (rms_g=0.008903, switch_rms=0.005000)
Displacement norm = 0.035666757380366 Å
Trust radius = 0.072 Å
E1 = -231.08700476, E2 = -231.08585465, dE = 0.00115011
 Criteria                            Current           Threshold        Pass
----------------------------------------------------------------------------
  1. Energy difference               0.00115011        0.00005000       NO    
  2. RMS gradient                    0.02040747        0.00094500       NO    
  3. Max gradient                    0.04725821        0.00132300       NO    
  4. RMS displacement                0.00620879        0.00250000       NO    
  5. Max displacement                0.01648415        0.00400000       NO    
----------------------------------------------------------------------------

    Trust radius: energy increased by -0.001807, reducing to 0.036000

****Step 6****
Using Gradient-weighted GEDIIS_blend optimizer (step 6, trust_radius = 0.036 Å)
    Weighted blend: w=0.8032 (rms_g=0.020407, switch_rms=0.005000)
Displacement norm = 0.036000000000000 Å
Trust radius = 0.036 Å
E1 = -231.08868299, E2 = -231.08941680, dE = 0.00073381
 Criteria                            Current           Threshold        Pass
----------------------------------------------------------------------------
  1. Energy difference               0.00073381        0.00005000       NO    
  2. RMS gradient                    0.00799235        0.00094500       NO    
  3. Max gradient                    0.01695533        0.00132300       NO    
  4. RMS displacement                0.00626680        0.00250000       NO    
  5. Max displacement                0.01678694        0.00400000       NO    
----------------------------------------------------------------------------

    Trust radius: energy decreased by 0.001678, increasing to 0.043200

****Step 7****
Using Gradient-weighted GEDIIS_blend optimizer (step 7, trust_radius = 0.043 Å)
    Weighted blend: w=0.6152 (rms_g=0.007992, switch_rms=0.005000)
Displacement norm = 0.014736231333523 Å
Trust radius = 0.043 Å
E1 = -231.08907990, E2 = -231.08954273, dE = 0.00046283
 Criteria                            Current           Threshold        Pass
----------------------------------------------------------------------------
  1. Energy difference               0.00046283        0.00005000       NO    
  2. RMS gradient                    0.00593033        0.00094500       NO    
  3. Max gradient                    0.01589655        0.00132300       NO    
  4. RMS displacement                0.00256525        0.00250000       NO    
  5. Max displacement                0.00783823        0.00400000       NO    
----------------------------------------------------------------------------

    Trust radius: energy decreased by 0.000397, increasing to 0.051840

****Step 8****
Using Gradient-weighted GEDIIS_blend optimizer (step 8, trust_radius = 0.052 Å)
    Weighted blend: w=0.5426 (rms_g=0.005930, switch_rms=0.005000)
Displacement norm = 0.011535934582738 Å
Trust radius = 0.052 Å
E1 = -231.08929655, E2 = -231.08931652, dE = 0.00001997
 Criteria                            Current           Threshold        Pass
----------------------------------------------------------------------------
  1. Energy difference               0.00001997        0.00005000       YES   
  2. RMS gradient                    0.00370182        0.00094500       NO    
  3. Max gradient                    0.00964985        0.00132300       NO    
  4. RMS displacement                0.00200815        0.00250000       YES   
  5. Max displacement                0.00457493        0.00400000       NO    
----------------------------------------------------------------------------

    Trust radius: energy decreased by 0.000217, increasing to 0.062208

****Step 9****
Using Gradient-weighted GEDIIS_blend optimizer (step 9, trust_radius = 0.062 Å)
    Weighted blend: w=0.4254 (rms_g=0.003702, switch_rms=0.005000)
Displacement norm = 0.008024630517852 Å
Trust radius = 0.062 Å
E1 = -231.08937422, E2 = -231.08905511, dE = 0.00031911
 Criteria                            Current           Threshold        Pass
----------------------------------------------------------------------------
  1. Energy difference               0.00031911        0.00005000       NO    
  2. RMS gradient                    0.00265699        0.00094500       NO    
  3. Max gradient                    0.00555262        0.00132300       NO    
  4. RMS displacement                0.00139691        0.00250000       YES   
  5. Max displacement                0.00363168        0.00400000       YES   
----------------------------------------------------------------------------


****Step 10****
Using Gradient-weighted GEDIIS_blend optimizer (step 10, trust_radius = 0.062 Å)
    Weighted blend: w=0.3470 (rms_g=0.002657, switch_rms=0.005000)
Displacement norm = 0.006011823629253 Å
Trust radius = 0.062 Å
E1 = -231.08939336, E2 = -231.08932448, dE = 0.00006888
 Criteria                            Current           Threshold        Pass
----------------------------------------------------------------------------
  1. Energy difference               0.00006888        0.00005000       NO    
  2. RMS gradient                    0.00124131        0.00094500       NO    
  3. Max gradient                    0.00324319        0.00132300       NO    
  4. RMS displacement                0.00104652        0.00250000       YES   
  5. Max displacement                0.00247203        0.00400000       YES   
----------------------------------------------------------------------------


****Step 11****
Using Gradient-weighted GEDIIS_blend optimizer (step 11, trust_radius = 0.062 Å)
    Weighted blend: w=0.1989 (rms_g=0.001241, switch_rms=0.005000)
Displacement norm = 0.010971020416035 Å
Trust radius = 0.062 Å
E1 = -231.08936615, E2 = -231.08966278, dE = 0.00029663
 Criteria                            Current           Threshold        Pass
----------------------------------------------------------------------------
  1. Energy difference               0.00029663        0.00005000       NO    
  2. RMS gradient                    0.00175785        0.00094500       NO    
  3. Max gradient                    0.00607045        0.00132300       NO    
  4. RMS displacement                0.00190981        0.00250000       YES   
  5. Max displacement                0.00444172        0.00400000       NO    
----------------------------------------------------------------------------


****Step 12****
Using Gradient-weighted GEDIIS_blend optimizer (step 12, trust_radius = 0.062 Å)
    Weighted blend: w=0.2601 (rms_g=0.001758, switch_rms=0.005000)
Displacement norm = 0.004470333581461 Å
Trust radius = 0.062 Å
E1 = -231.08940480, E2 = -231.08946569, dE = 0.00006089
 Criteria                            Current           Threshold        Pass
----------------------------------------------------------------------------
  1. Energy difference               0.00006089        0.00005000       NO    
  2. RMS gradient                    0.00079906        0.00094500       YES   
  3. Max gradient                    0.00289827        0.00132300       NO    
  4. RMS displacement                0.00077819        0.00250000       YES   
  5. Max displacement                0.00229029        0.00400000       YES   
----------------------------------------------------------------------------


****Step 13****
Using Gradient-weighted GEDIIS_blend optimizer (step 13, trust_radius = 0.062 Å)
    Weighted blend: w=0.1378 (rms_g=0.000799, switch_rms=0.005000)
Displacement norm = 0.001970141454879 Å
Trust radius = 0.062 Å
E1 = -231.08941403, E2 = -231.08942305, dE = 0.00000902
 Criteria                            Current           Threshold        Pass
----------------------------------------------------------------------------
  1. Energy difference               0.00000902        0.00005000       YES   
  2. RMS gradient                    0.00030948        0.00094500       YES   
  3. Max gradient                    0.00080961        0.00132300       YES   
  4. RMS displacement                0.00034296        0.00250000       YES   
  5. Max displacement                0.00122308        0.00400000       YES   
----------------------------------------------------------------------------


Converged at step 13
Final geometry saved to phenylcation-blend-gediis-gradient_mecp.xyz

****Congrats! MECP has converged****
